// Jest Snapshot v1, https://goo.gl/fbAQLP

exports[`keyboard strings to be correct are correct for the core 4.0 1`] = `
Object {
  "FrenchAzerty": Array [
    Object {
      "ESC": "ESC",
      "F1": "F1",
      "F10": "F10",
      "F11": "F11",
      "F12": "F12",
      "F2": "F2",
      "F3": "F3",
      "F4": "F4",
      "F5": "F5",
      "F6": "F6",
      "F7": "F7",
      "F8": "F8",
      "F9": "F9",
      "_0": "_0",
      "_1": 0.5,
      "_2": 0.5,
    },
    Object {},
    Object {
      "-": "-",
      "0 ": "0 ",
      "1 ": "1 ",
      "2 ": "2 ",
      "3 ": "3 ",
      "4 ": "4 ",
      "5 ": "5 ",
      "6 ": "6 ",
      "7 ": "7 ",
      "8 ": "8 ",
      "9 ": "9 ",
      "<": "<",
      "=": "=",
      "BACKSPACE": 2,
    },
    Object {
      "A": "A",
      "E": "E",
      "I": "I",
      "O": "O",
      "P": "P",
      "R": "R",
      "T": "T",
      "TAB": 1.5,
      "U": "U",
      "Y": "Y",
      "Z": "Z",
      "[": "[",
      "\\\\": 1.5,
      "]": "]",
    },
    Object {
      "CAPS": 1.75,
      "D": "D",
      "ENTER": 2.25,
      "F": "F",
      "G": "G",
      "H": "H",
      "J": "J",
      "K": "K",
      "L": "L",
      "M": "M",
      "Q": "Q",
      "S": "S",
      "\`": "\`",
    },
    Object {
      ",": ",",
      ":": ":",
      ";": ";",
      "=": "=",
      "B": "B",
      "C": "C",
      "N": "N",
      "SHIFT L": 2.25,
      "SHIFT R": 2.75,
      "V": "V",
      "W": "W",
      "X": "X",
    },
    Object {
      "ALT L": 1.5,
      "ALT R": 1.5,
      "CTRL L": 1.5,
      "CTRL R": 1.5,
      "MENU": "MENU",
      "SPACE": 6,
      "WIN L": "WIN L",
      "WIN R": "WIN R",
    },
  ],
  "German": Array [
    Object {
      "ESC": "ESC",
      "F1": "F1",
      "F10": "F10",
      "F11": "F11",
      "F12": "F12",
      "F2": "F2",
      "F3": "F3",
      "F4": "F4",
      "F5": "F5",
      "F6": "F6",
      "F7": "F7",
      "F8": "F8",
      "F9": "F9",
      "_0": "_0",
      "_1": 0.5,
      "_2": 0.5,
    },
    Object {},
    Object {
      "0 ": "0 ",
      "1 ": "1 ",
      "2 ": "2 ",
      "3 ": "3 ",
      "4 ": "4 ",
      "5 ": "5 ",
      "6 ": "6 ",
      "7 ": "7 ",
      "8 ": "8 ",
      "9 ": "9 ",
      "<": "<",
      "BACKSPACE": 2,
      "´": "´",
      "ß": "ß",
    },
    Object {
      "+": "+",
      "E": "E",
      "I": "I",
      "O": "O",
      "P": "P",
      "Q": "Q",
      "R": "R",
      "T": "T",
      "TAB": 1.5,
      "U": "U",
      "W": "W",
      "Z": "Z",
      "\\\\": 1.5,
      "ü": "ü",
    },
    Object {
      "A": "A",
      "CAPS": 1.75,
      "D": "D",
      "ENTER": 2.25,
      "F": "F",
      "G": "G",
      "H": "H",
      "J": "J",
      "K": "K",
      "L": "L",
      "S": "S",
      "ä": "ä",
      "ö": "ö",
    },
    Object {
      ",": ",",
      "-": "-",
      ".": ".",
      "B": "B",
      "C": "C",
      "M": "M",
      "N": "N",
      "SHIFT L": 2.25,
      "SHIFT R": 2.75,
      "V": "V",
      "X": "X",
      "Y": "Y",
    },
    Object {
      "ALT L": 1.5,
      "ALT R": 1.5,
      "CTRL L": 1.5,
      "CTRL R": 1.5,
      "MENU": "MENU",
      "SPACE": 6,
      "WIN L": "WIN L",
      "WIN R": "WIN R",
    },
  ],
  "USColemak": Array [
    Object {
      "ESC": "ESC",
      "F1": "F1",
      "F10": "F10",
      "F11": "F11",
      "F12": "F12",
      "F2": "F2",
      "F3": "F3",
      "F4": "F4",
      "F5": "F5",
      "F6": "F6",
      "F7": "F7",
      "F8": "F8",
      "F9": "F9",
      "_0": "_0",
      "_1": 0.5,
      "_2": 0.5,
    },
    Object {},
    Object {
      "-": "-",
      "0 ": "0 ",
      "1 ": "1 ",
      "2 ": "2 ",
      "3 ": "3 ",
      "4 ": "4 ",
      "5 ": "5 ",
      "6 ": "6 ",
      "7 ": "7 ",
      "8 ": "8 ",
      "9 ": "9 ",
      "=": "=",
      "BACKSPACE": 2,
      "\`": "\`",
    },
    Object {
      ";": ";",
      "F": "F",
      "G": "G",
      "J": "J",
      "L": "L",
      "P": "P",
      "Q": "Q",
      "TAB": 1.5,
      "U": "U",
      "W": "W",
      "Y": "Y",
      "[": "[",
      "\\\\": 1.5,
      "]": "]",
    },
    Object {
      "'": "'",
      "A": "A",
      "CAPS": 1.75,
      "D": "D",
      "E": "E",
      "ENTER": 2.25,
      "H": "H",
      "I": "I",
      "N": "N",
      "O": "O",
      "R": "R",
      "S": "S",
      "T": "T",
    },
    Object {
      ",": ",",
      ".": ".",
      "/": "/",
      "B": "B",
      "C": "C",
      "K": "K",
      "M": "M",
      "SHIFT L": 2.25,
      "SHIFT R": 2.75,
      "V": "V",
      "X": "X",
      "Z": "Z",
    },
    Object {
      "ALT L": 1.5,
      "ALT R": 1.5,
      "CTRL L": 1.5,
      "CTRL R": 1.5,
      "MENU": "MENU",
      "SPACE": 6,
      "WIN L": "WIN L",
      "WIN R": "WIN R",
    },
  ],
  "USDvorak": Array [
    Object {
      "ESC": "ESC",
      "F1": "F1",
      "F10": "F10",
      "F11": "F11",
      "F12": "F12",
      "F2": "F2",
      "F3": "F3",
      "F4": "F4",
      "F5": "F5",
      "F6": "F6",
      "F7": "F7",
      "F8": "F8",
      "F9": "F9",
      "_0": "_0",
      "_1": 0.5,
      "_2": 0.5,
    },
    Object {},
    Object {
      "0 ": "0 ",
      "1 ": "1 ",
      "2 ": "2 ",
      "3 ": "3 ",
      "4 ": "4 ",
      "5 ": "5 ",
      "6 ": "6 ",
      "7 ": "7 ",
      "8 ": "8 ",
      "9 ": "9 ",
      "BACKSPACE": 2,
      "[": "[",
      "]": "]",
      "\`": "\`",
    },
    Object {
      "'": "'",
      ",": ",",
      ".": ".",
      "/": "/",
      "=": "=",
      "C": "C",
      "F": "F",
      "G": "G",
      "L": "L",
      "P": "P",
      "R": "R",
      "TAB": 1.5,
      "Y": "Y",
      "\\\\": 1.5,
    },
    Object {
      "-": "-",
      "A": "A",
      "CAPS": 1.75,
      "D": "D",
      "E": "E",
      "ENTER": 2.25,
      "H": "H",
      "I": "I",
      "N": "N",
      "O": "O",
      "S": "S",
      "T": "T",
      "U": "U",
    },
    Object {
      ";": ";",
      "B": "B",
      "J": "J",
      "K": "K",
      "M": "M",
      "Q": "Q",
      "SHIFT L": 2.25,
      "SHIFT R": 2.75,
      "V": "V",
      "W": "W",
      "X": "X",
      "Z": "Z",
    },
    Object {
      "ALT L": 1.5,
      "ALT R": 1.5,
      "CTRL L": 1.5,
      "CTRL R": 1.5,
      "MENU": "MENU",
      "SPACE": 6,
      "WIN L": "WIN L",
      "WIN R": "WIN R",
    },
  ],
  "USQwerty": Array [
    Object {
      "ESC": "ESC",
      "F1": "F1",
      "F10": "F10",
      "F11": "F11",
      "F12": "F12",
      "F2": "F2",
      "F3": "F3",
      "F4": "F4",
      "F5": "F5",
      "F6": "F6",
      "F7": "F7",
      "F8": "F8",
      "F9": "F9",
      "_0": "_0",
      "_1": 0.5,
      "_2": 0.5,
    },
    Object {},
    Object {
      "-": "-",
      "0 ": "0 ",
      "1 ": "1 ",
      "2 ": "2 ",
      "3 ": "3 ",
      "4 ": "4 ",
      "5 ": "5 ",
      "6 ": "6 ",
      "7 ": "7 ",
      "8 ": "8 ",
      "9 ": "9 ",
      "=": "=",
      "BACKSPACE": 2,
      "\`": "\`",
    },
    Object {
      "E": "E",
      "I": "I",
      "O": "O",
      "P": "P",
      "Q": "Q",
      "R": "R",
      "T": "T",
      "TAB": 1.5,
      "U": "U",
      "W": "W",
      "Y": "Y",
      "[": "[",
      "\\\\": 1.5,
      "]": "]",
    },
    Object {
      "'": "'",
      ";": ";",
      "A": "A",
      "CAPS": 1.75,
      "D": "D",
      "ENTER": 2.25,
      "F": "F",
      "G": "G",
      "H": "H",
      "J": "J",
      "K": "K",
      "L": "L",
      "S": "S",
    },
    Object {
      ",": ",",
      ".": ".",
      "/": "/",
      "B": "B",
      "C": "C",
      "M": "M",
      "N": "N",
      "SHIFT L": 2.25,
      "SHIFT R": 2.75,
      "V": "V",
      "X": "X",
      "Z": "Z",
    },
    Object {
      "ALT L": 1.5,
      "ALT R": 1.5,
      "CTRL L": 1.5,
      "CTRL R": 1.5,
      "MENU": "MENU",
      "SPACE": 6,
      "WIN L": "WIN L",
      "WIN R": "WIN R",
    },
  ],
}
`;
